  console.log
    [dotenv@17.2.3] injecting env (5) from .env.test -- tip: ≡ƒöÉ prevent committing .env to code: https://dotenvx.com/precommit

      at _log (node_modules/dotenv/lib/main.js:142:11)

node.exe : FAIL src/te
sts/controllers/auth.t
est.ts
At C:\Program Files\no
dejs\npx.ps1:29 char:3
+   & $NODE_EXE 
$NPX_CLI_JS $args
+   ~~~~~~~~~~~~~~~~~~
~~~~~~~~~~~
    + CategoryInfo    
          : NotSpeci  
  fied: (FAIL src/t   
 ests/controllers/    
auth.test.ts:Stri    
ng) [], RemoteExc    
eption
    + FullyQualifiedE 
   rrorId : NativeCo  
  mmandError
 
  ΓùÅ Test suite 
failed to run

    ReferenceError: 
jest is not defined

    [0m [90m 36 
|[39m
     [90m 37 |[39m 
[90m// Increase 
timeout for database 
operations[39m
    [31m[1m>[22m[3
9m[90m 38 |[39m jest
[33m.[39msetTimeout(
[35m10000[39m)[33m;
[39m
     [90m    |[39m 
[31m[1m^[22m[39m
     [90m 39 
|[39m[0m

      at src/tests/set
up.ts:38:1

Test Suites: 1 
failed, 1 total
Tests:       0 total
Snapshots:   0 total
Time:        2.148 s
Ran all test suites 
matching auth.test.ts.
(node:6628) 
ExperimentalWarning: 
VM Modules is an 
experimental feature 
and might change at 
any time
(Use `node 
--trace-warnings ...` 
to show where the 
warning was created)
